<html>
<body>
<pre>
<h1>�Vision Build Log</h1>
<h2>Tool Versions:</h2>
IDE-Version: ��Vision V5.38.0.0
Copyright (C) 2022 ARM Ltd and ARM Germany GmbH. All rights reserved.
License Information: 1 11, 1, LIC=9N0AE-5CDEF-4AMDE-5G6C6-C6LJL-YBQCE
 
Tool Versions:
Toolchain:       MDK-ARM Professional  Version: 5.38.0.0
Toolchain Path:  D:\keil538\ARM\ARM_Compiler_5\Bin
C Compiler:      Armcc.exe V5.06 update 7 (build 960)
Assembler:       Armasm.exe V5.06 update 7 (build 960)
Linker/Locator:  ArmLink.exe V5.06 update 7 (build 960)
Library Manager: ArmAr.exe V5.06 update 7 (build 960)
Hex Converter:   FromElf.exe V5.06 update 7 (build 960)
CPU DLL:         SARMCM3.DLL V5.38.0.0
Dialog DLL:      DCM.DLL V1.17.5.0
Target DLL:      CMSIS_AGDI.dll V1.33.15.0
Dialog DLL:      TCM.DLL V1.56.4.0
 
<h2>Project:</h2>
E:\Github_Files\FreeRTOS_Porting_learn\Project\YH-F407.uvprojx
Project File Date:  01/15/2026

<h2>Output:</h2>
*** Using Compiler 'V5.06 update 7 (build 960)', folder: 'D:\keil538\ARM\ARM_Compiler_5\Bin'
Rebuild target 'ADC'
assembling startup_stm32f407xx.s...
compiling stm32f4xx_hal_cortex.c...
compiling stm32f4xx_hal_dcmi_ex.c...
compiling stm32f4xx_hal_cec.c...
compiling stm32f4xx_hal_adc.c...
compiling stm32f4xx_hal_cryp.c...
compiling system_stm32f4xx.c...
compiling stm32f4xx_hal_dfsdm.c...
compiling stm32f4xx_hal_crc.c...
compiling stm32f4xx_hal_cryp_ex.c...
compiling stm32f4xx_hal.c...
compiling stm32f4xx_hal_dcmi.c...
compiling stm32f4xx_hal_dac_ex.c...
compiling stm32f4xx_hal_can.c...
compiling stm32f4xx_hal_dac.c...
compiling stm32f4xx_hal_adc_ex.c...
compiling stm32f4xx_hal_dma.c...
compiling stm32f4xx_hal_dma2d.c...
compiling stm32f4xx_hal_eth.c...
compiling stm32f4xx_hal_dsi.c...
compiling stm32f4xx_hal_hash.c...
compiling stm32f4xx_hal_fmpi2c_ex.c...
compiling stm32f4xx_hal_flash_ex.c...
compiling stm32f4xx_hal_flash_ramfunc.c...
compiling stm32f4xx_hal_fmpi2c.c...
compiling stm32f4xx_hal_hash_ex.c...
compiling stm32f4xx_hal_gpio.c...
compiling stm32f4xx_hal_dma_ex.c...
compiling stm32f4xx_hal_flash.c...
compiling stm32f4xx_hal_hcd.c...
compiling stm32f4xx_hal_i2c.c...
compiling stm32f4xx_hal_i2c_ex.c...
compiling stm32f4xx_hal_ltdc.c...
compiling stm32f4xx_hal_ltdc_ex.c...
compiling stm32f4xx_hal_iwdg.c...
compiling stm32f4xx_hal_pcd_ex.c...
compiling stm32f4xx_hal_lptim.c...
compiling stm32f4xx_hal_i2s_ex.c...
compiling stm32f4xx_hal_i2s.c...
compiling stm32f4xx_hal_nor.c...
compiling stm32f4xx_hal_mmc.c...
compiling stm32f4xx_hal_pcd.c...
compiling stm32f4xx_hal_pccard.c...
compiling stm32f4xx_hal_irda.c...
compiling stm32f4xx_hal_nand.c...
compiling stm32f4xx_hal_pwr.c...
compiling stm32f4xx_hal_pwr_ex.c...
compiling stm32f4xx_hal_sai_ex.c...
compiling stm32f4xx_hal_rtc_ex.c...
compiling stm32f4xx_hal_sai.c...
compiling stm32f4xx_hal_qspi.c...
compiling stm32f4xx_hal_spdifrx.c...
compiling stm32f4xx_hal_rng.c...
compiling stm32f4xx_hal_smartcard.c...
compiling stm32f4xx_hal_rcc.c...
compiling stm32f4xx_hal_sd.c...
compiling stm32f4xx_hal_sdram.c...
compiling stm32f4xx_hal_sram.c...
compiling stm32f4xx_hal_rcc_ex.c...
compiling stm32f4xx_hal_rtc.c...
compiling stm32f4xx_hal_spi.c...
compiling croutine.c...
compiling event_groups.c...
compiling list.c...
compiling queue.c...
compiling stream_buffer.c...
compiling tasks.c...
compiling timers.c...
compiling heap_4.c...
compiling port.c...
compiling stm32f4xx_hal_tim_ex.c...
compiling stm32f4xx_ll_fsmc.c...
compiling stm32f4xx_hal_tim.c...
compiling stm32f4xx_hal_usart.c...
compiling stm32f4xx_hal_wwdg.c...
compiling stm32f4xx_hal_uart.c...
compiling main.c...
..\User\led\bsp_led.h(46): warning:  #1-D: last line of file ends without a newline
  #endif
..\User\demo_func.h(10): warning:  #1295-D: Deprecated declaration task_led - give arg types
  void task_led();        //led1任务
..\User\demo_func.h(11): warning:  #1295-D: Deprecated declaration task_key1 - give arg types
  void task_key1();        //led2任务
..\User\demo_func.h(12): warning:  #1295-D: Deprecated declaration task_key2 - give arg types
  void task_key2();        //key任务
..\User\demo_func.h(16): warning:  #1-D: last line of file ends without a newline
  #endif
..\User\main.c: 5 warnings, 0 errors
compiling stm32f4xx_ll_sdmmc.c...
compiling bsp_led.c...
..\User\led\bsp_led.h(46): warning:  #1-D: last line of file ends without a newline
  #endif
..\User\led\bsp_led.c: 1 warning, 0 errors
compiling stm32f4xx_ll_usb.c...
compiling demo_func.c...
..\User\demo_func.h(10): warning:  #1295-D: Deprecated declaration task_led - give arg types
  void task_led();        //led1任务
..\User\demo_func.h(11): warning:  #1295-D: Deprecated declaration task_key1 - give arg types
  void task_key1();        //led2任务
..\User\demo_func.h(12): warning:  #1295-D: Deprecated declaration task_key2 - give arg types
  void task_key2();        //key任务
..\User\demo_func.h(16): warning:  #1-D: last line of file ends without a newline
  #endif
..\User\led\bsp_led.h(46): warning:  #1-D: last line of file ends without a newline
  #endif
..\User\demo_func.c: 5 warnings, 0 errors
compiling stm32f4xx_it.c...
linking...
Program Size: Code=7572 RO-data=448 RW-data=132 ZI-data=18636  
FromELF: creating hex file...
"..\Output\YH-F407.axf" - 0 Error(s), 11 Warning(s).

<h2>Software Packages used:</h2>

Package Vendor: Keil
                https://www.keil.com/pack/Keil.STM32F4xx_DFP.3.0.0.pack
                Keil.STM32F4xx_DFP.3.0.0
                STMicroelectronics STM32F4 Series Device Support

<h2>Collection of Component include folders:</h2>

<h2>Collection of Component Files used:</h2>
Build Time Elapsed:  00:00:14
</pre>
</body>
</html>
